2026-08-26 20:26:00,450:WARNING:nextcord.client: PyNaCl is not installed, voice will NOT be supported
2026-08-26 20:26:00,452:INFO:nextcord.client: logging in using static token
2026-08-26 20:26:00,463:INFO:nextcord.http: Allowed 1 rate limits to be garbage collected.
2026-08-26 20:26:01,409:INFO:nextcord.gateway: Shard ID None has sent the IDENTIFY payload.
2026-08-26 20:26:02,157:INFO:nextcord.gateway: Shard ID None has connected to Gateway: ["gateway-prd-arm-us-east1-d-6r8s",{"micros":417364,"calls":["id_created",{"micros":1027,"calls":[]},"session_lookup_time",{"micros":994,"calls":[]},"session_lookup_finished",{"micros":11,"calls":[]},"sessions-prd-gcp-us-east1-d-95",{"micros":414859,"calls":["start_session",{"micros":369158,"calls":["prd-rpc-86946f65d9-n96xg",{"micros":114630,"calls":["get_user",{"micros":9045},"get_guilds",{"micros":17288},"send_scheduled_deletion_message",{"micros":13},"guild_join_requests",{"micros":5},"authorized_ip_coro",{"micros":9},"pending_payments",{"micros":1879},"apex_experiments",{"micros":240247},"sessions_experiments",{"micros":8},"played_application_ids",{"micros":6},"linked_users",{"micros":5},"ad_personalization_toggles_disabled",{"micros":4},"regional_feature_config",{"micros":13}]}]},"starting_guild_connect",{"micros":64,"calls":[]},"lobbies_started",{"micros":1,"calls":[]},"presence_started",{"micros":29502,"calls":[]},"guilds_started",{"micros":71,"calls":[]},"guilds_connect",{"micros":2,"calls":[]},"presence_connect",{"micros":16033,"calls":[]},"connect_finished",{"micros":16045,"calls":[]},"build_ready",{"micros":14,"calls":[]},"clean_ready",{"micros":3,"calls":[]},"optimize_ready",{"micros":0,"calls":[]},"split_ready",{"micros":1,"calls":[]}]}]}] (Session ID: 6bd960b45b60e76d5051eac515af43df). Resume URL specified as wss://gateway-us-east1-d.discord.gg
2026-08-26 20:26:02,521:INFO:nextcord.state: nextcord.ConnectionState: Registering command with signature ('openqueue', 1, None)
2026-08-26 20:26:02,903:INFO:nextcord.state: nextcord.ConnectionState: Registering command with signature ('passeval', 1, None)
2026-08-26 20:26:03,259:INFO:nextcord.state: nextcord.ConnectionState: Registering command with signature ('restrict', 1, None)
2026-08-26 20:26:03,606:INFO:nextcord.state: nextcord.ConnectionState: Registering command with signature ('next', 1, None)
2026-08-26 20:26:03,972:INFO:nextcord.state: nextcord.ConnectionState: Registering command with signature ('results', 1, None)
2026-08-26 20:26:04,351:INFO:nextcord.state: nextcord.ConnectionState: Registering command with signature ('info', 1, None)
2026-08-26 20:26:23,282:INFO:nextcord.state: nextcord.ConnectionState: Registering command with signature ('forceclosetest', 1, None)
2026-08-26 20:26:23,642:INFO:nextcord.state: nextcord.ConnectionState: Registering command with signature ('remove', 1, None)
2026-08-26 20:26:24,000:INFO:nextcord.state: nextcord.ConnectionState: Registering command with signature ('updatetier', 1, None)
2026-08-26 20:26:24,388:INFO:nextcord.state: nextcord.ConnectionState: Registering command with signature ('closequeue', 1, None)
2026-08-26 20:26:24,766:INFO:nextcord.state: nextcord.ConnectionState: Registering command with signature ('unrestrict', 1, None)
2026-08-26 20:26:42,211:INFO:nextcord.state: nextcord.ConnectionState: Registering command with signature ('closetest', 1, None)
2026-08-26 20:26:42,630:INFO:nextcord.state: nextcord.ConnectionState: Registering command with signature ('add', 1, None)
2026-08-26 20:26:42,988:INFO:nextcord.state: nextcord.ConnectionState: Registering command with signature ('updateusername', 1, None)
2026-08-26 20:26:43,388:INFO:nextcord.state: nextcord.ConnectionState: Registering command with signature ('waitlist', 1, None)
