2026-08-27 20:31:09,214:WARNING:nextcord.client: PyNaCl is not installed, voice will NOT be supported
2026-08-27 20:31:09,218:INFO:nextcord.client: logging in using static token
2026-08-27 20:31:09,319:INFO:nextcord.http: Allowed 1 rate limits to be garbage collected.
2026-08-27 20:31:10,357:INFO:nextcord.gateway: Shard ID None has sent the IDENTIFY payload.
2026-08-27 20:31:10,892:INFO:nextcord.gateway: Shard ID None has connected to Gateway: ["gateway-prd-arm-us-east1-c-7vwq",{"micros":221392,"calls":["id_created",{"micros":834,"calls":[]},"session_lookup_time",{"micros":259,"calls":[]},"session_lookup_finished",{"micros":10,"calls":[]},"sessions-prd-gcp-us-east1-c-76",{"micros":219871,"calls":["start_session",{"micros":214458,"calls":["prd-rpc-57647868b5-fzwxk",{"micros":88268,"calls":["get_user",{"micros":27376},"get_guilds",{"micros":7705},"send_scheduled_deletion_message",{"micros":11},"guild_join_requests",{"micros":1385},"authorized_ip_coro",{"micros":14},"pending_payments",{"micros":1581},"apex_experiments",{"micros":110724},"sessions_experiments",{"micros":5},"played_application_ids",{"micros":3},"linked_users",{"micros":3},"ad_personalization_toggles_disabled",{"micros":3},"regional_feature_config",{"micros":3}]}]},"starting_guild_connect",{"micros":56,"calls":[]},"lobbies_started",{"micros":1,"calls":[]},"presence_started",{"micros":516,"calls":[]},"guilds_started",{"micros":82,"calls":[]},"guilds_connect",{"micros":2,"calls":[]},"presence_connect",{"micros":4731,"calls":[]},"connect_finished",{"micros":4743,"calls":[]},"build_ready",{"micros":12,"calls":[]},"clean_ready",{"micros":2,"calls":[]},"optimize_ready",{"micros":0,"calls":[]},"split_ready",{"micros":1,"calls":[]}]}]}] (Session ID: cde8b27f84fbb7f8a1815e75462bd56b). Resume URL specified as wss://gateway-us-east1-c.discord.gg
2026-08-27 20:31:11,281:INFO:nextcord.state: nextcord.ConnectionState: Registering command with signature ('openqueue', 1, None)
2026-08-27 20:31:11,650:INFO:nextcord.state: nextcord.ConnectionState: Registering command with signature ('passeval', 1, None)
2026-08-27 20:31:12,028:INFO:nextcord.state: nextcord.ConnectionState: Registering command with signature ('restrict', 1, None)
2026-08-27 20:31:12,399:INFO:nextcord.state: nextcord.ConnectionState: Registering command with signature ('next', 1, None)
2026-08-27 20:31:12,770:INFO:nextcord.state: nextcord.ConnectionState: Registering command with signature ('results', 1, None)
2026-08-27 20:31:13,216:INFO:nextcord.state: nextcord.ConnectionState: Registering command with signature ('info', 1, None)
2026-08-27 20:31:32,169:INFO:nextcord.state: nextcord.ConnectionState: Registering command with signature ('forceclosetest', 1, None)
2026-08-27 20:31:32,526:INFO:nextcord.state: nextcord.ConnectionState: Registering command with signature ('remove', 1, None)
2026-08-27 20:31:32,934:INFO:nextcord.state: nextcord.ConnectionState: Registering command with signature ('updatetier', 1, None)
2026-08-27 20:31:33,364:INFO:nextcord.state: nextcord.ConnectionState: Registering command with signature ('closequeue', 1, None)
2026-08-27 20:31:33,731:INFO:nextcord.state: nextcord.ConnectionState: Registering command with signature ('unrestrict', 1, None)
2026-08-27 20:31:44,611:ERROR:root: Error in /openqueue command:
Traceback (most recent call last):
  File "C:\Users\fire1\Downloads\onyx-tierlist-bot\tier-test-bot-main\main.py", line 322, in openqueue
    await previous_message.delete(reason="Queue reopened")
          ~~~~~~~~~~~~~~~~~~~~~~~^^^^^^^^^^^^^^^^^^^^^^^^^
TypeError: Message.delete() got an unexpected keyword argument 'reason'
2026-08-27 20:31:51,458:INFO:nextcord.state: nextcord.ConnectionState: Registering command with signature ('closetest', 1, None)
2026-08-27 20:31:51,839:INFO:nextcord.state: nextcord.ConnectionState: Registering command with signature ('add', 1, None)
2026-08-27 20:31:52,238:INFO:nextcord.state: nextcord.ConnectionState: Registering command with signature ('updateusername', 1, None)
2026-08-27 20:31:52,602:INFO:nextcord.state: nextcord.ConnectionState: Registering command with signature ('waitlist', 1, None)
2026-08-27 20:32:54,513:ERROR:root: Error in /results command:
Traceback (most recent call last):
  File "C:\Users\fire1\Downloads\onyx-tierlist-bot\tier-test-bot-main\main.py", line 239, in results
    username, oldtier, region, saved_kit = await databaseManager.getResultInfo(user.id, kit)
    ^^^^^^^^^^^^^^^^^^^^^^^^^^^^^^^^^^^^
TypeError: cannot unpack non-iterable NoneType object
2026-08-27 20:36:09,953:INFO:nextcord.gateway: Timed out receiving packet. Attempting a reconnect.
2026-08-27 20:36:09,957:INFO:nextcord.client: Got a request to RESUME the websocket.
2026-08-27 20:36:10,098:INFO:nextcord.http: Allowed 1 rate limits to be garbage collected.
2026-08-27 20:36:10,237:ERROR:nextcord.client: Attempting a reconnect in 1.01s
Traceback (most recent call last):
  File "C:\Users\fire1\AppData\Local\Programs\Python\Python313\Lib\site-packages\aiohttp\connector.py", line 1351, in _create_direct_connection
    hosts = await self._resolve_host(host, port, traces=traces)
            ^^^^^^^^^^^^^^^^^^^^^^^^^^^^^^^^^^^^^^^^^^^^^^^^^^^
  File "C:\Users\fire1\AppData\Local\Programs\Python\Python313\Lib\site-packages\aiohttp\connector.py", line 995, in _resolve_host
    return await asyncio.shield(resolved_host_task)
           ^^^^^^^^^^^^^^^^^^^^^^^^^^^^^^^^^^^^^^^^
  File "C:\Users\fire1\AppData\Local\Programs\Python\Python313\Lib\site-packages\aiohttp\connector.py", line 1026, in _resolve_host_with_throttle
    addrs = await self._resolver.resolve(host, port, family=self._family)
            ^^^^^^^^^^^^^^^^^^^^^^^^^^^^^^^^^^^^^^^^^^^^^^^^^^^^^^^^^^^^^
  File "C:\Users\fire1\AppData\Local\Programs\Python\Python313\Lib\site-packages\aiohttp\resolver.py", line 39, in resolve
    infos = await self._loop.getaddrinfo(
            ^^^^^^^^^^^^^^^^^^^^^^^^^^^^^
    ...<5 lines>...
    )
    ^
  File "C:\Users\fire1\AppData\Local\Programs\Python\Python313\Lib\asyncio\base_events.py", line 940, in getaddrinfo
    return await self.run_in_executor(
           ^^^^^^^^^^^^^^^^^^^^^^^^^^^
        None, getaddr_func, host, port, family, type, proto, flags)
        ^^^^^^^^^^^^^^^^^^^^^^^^^^^^^^^^^^^^^^^^^^^^^^^^^^^^^^^^^^^
  File "C:\Users\fire1\AppData\Local\Programs\Python\Python313\Lib\concurrent\futures\thread.py", line 59, in run
    result = self.fn(*self.args, **self.kwargs)
  File "C:\Users\fire1\AppData\Local\Programs\Python\Python313\Lib\socket.py", line 983, in getaddrinfo
    for res in _socket.getaddrinfo(host, port, family, type, proto, flags):
               ~~~~~~~~~~~~~~~~~~~^^^^^^^^^^^^^^^^^^^^^^^^^^^^^^^^^^^^^^^^
socket.gaierror: [Errno 11001] getaddrinfo failed

The above exception was the direct cause of the following exception:

Traceback (most recent call last):
  File "C:\Users\fire1\AppData\Local\Programs\Python\Python313\Lib\site-packages\nextcord\client.py", line 730, in connect
    self.ws = await asyncio.wait_for(coro, timeout=60.0)
              ^^^^^^^^^^^^^^^^^^^^^^^^^^^^^^^^^^^^^^^^^^
  File "C:\Users\fire1\AppData\Local\Programs\Python\Python313\Lib\asyncio\tasks.py", line 507, in wait_for
    return await fut
           ^^^^^^^^^
  File "C:\Users\fire1\AppData\Local\Programs\Python\Python313\Lib\site-packages\nextcord\gateway.py", line 340, in from_client
    socket = await client.http.ws_connect(gateway)
             ^^^^^^^^^^^^^^^^^^^^^^^^^^^^^^^^^^^^^
  File "C:\Users\fire1\AppData\Local\Programs\Python\Python313\Lib\site-packages\nextcord\http.py", line 666, in ws_connect
    return await self.__session.ws_connect(url, **kwargs)
           ^^^^^^^^^^^^^^^^^^^^^^^^^^^^^^^^^^^^^^^^^^^^^^
  File "C:\Users\fire1\AppData\Local\Programs\Python\Python313\Lib\site-packages\aiohttp\client.py", line 1004, in _ws_connect
    resp = await self.request(
           ^^^^^^^^^^^^^^^^^^^
    ...<11 lines>...
    )
    ^
  File "C:\Users\fire1\AppData\Local\Programs\Python\Python313\Lib\site-packages\aiohttp\client.py", line 703, in _request
    conn = await self._connector.connect(
           ^^^^^^^^^^^^^^^^^^^^^^^^^^^^^^
        req, traces=traces, timeout=real_timeout
        ^^^^^^^^^^^^^^^^^^^^^^^^^^^^^^^^^^^^^^^^
    )
    ^
  File "C:\Users\fire1\AppData\Local\Programs\Python\Python313\Lib\site-packages\aiohttp\connector.py", line 548, in connect
    proto = await self._create_connection(req, traces, timeout)
            ^^^^^^^^^^^^^^^^^^^^^^^^^^^^^^^^^^^^^^^^^^^^^^^^^^^
  File "C:\Users\fire1\AppData\Local\Programs\Python\Python313\Lib\site-packages\aiohttp\connector.py", line 1056, in _create_connection
    _, proto = await self._create_direct_connection(req, traces, timeout)
               ^^^^^^^^^^^^^^^^^^^^^^^^^^^^^^^^^^^^^^^^^^^^^^^^^^^^^^^^^^
  File "C:\Users\fire1\AppData\Local\Programs\Python\Python313\Lib\site-packages\aiohttp\connector.py", line 1357, in _create_direct_connection
    raise ClientConnectorDNSError(req.connection_key, exc) from exc
aiohttp.client_exceptions.ClientConnectorDNSError: Cannot connect to host gateway-us-east1-c.discord.gg:443 ssl:default [getaddrinfo failed]
2026-08-27 20:36:12,738:INFO:nextcord.gateway: Shard ID None has sent the RESUME payload.
2026-08-27 20:36:13,074:INFO:nextcord.gateway: Shard ID None session has been invalidated.
2026-08-27 20:36:13,410:INFO:nextcord.client: Got a request to IDENTIFY the websocket.
2026-08-27 20:36:18,867:INFO:nextcord.gateway: Shard ID None has sent the IDENTIFY payload.
2026-08-27 20:36:19,378:INFO:nextcord.gateway: Shard ID None has connected to Gateway: ["gateway-prd-arm-us-east1-b-n78x",{"micros":199437,"calls":["id_created",{"micros":624,"calls":[]},"session_lookup_time",{"micros":355,"calls":[]},"session_lookup_finished",{"micros":11,"calls":[]},"sessions-prd-gcp-us-east1-b-15",{"micros":198065,"calls":["start_session",{"micros":173610,"calls":["prd-rpc-57647868b5-nhhp6",{"micros":41298,"calls":["get_user",{"micros":6480},"get_guilds",{"micros":4462},"send_scheduled_deletion_message",{"micros":17},"guild_join_requests",{"micros":861},"authorized_ip_coro",{"micros":13},"pending_payments",{"micros":1644},"apex_experiments",{"micros":121325},"sessions_experiments",{"micros":13},"played_application_ids",{"micros":6},"linked_users",{"micros":5},"ad_personalization_toggles_disabled",{"micros":4},"regional_feature_config",{"micros":6}]}]},"starting_guild_connect",{"micros":55,"calls":[]},"lobbies_started",{"micros":1,"calls":[]},"presence_started",{"micros":318,"calls":[]},"guilds_started",{"micros":85,"calls":[]},"guilds_connect",{"micros":12,"calls":[]},"presence_connect",{"micros":23964,"calls":[]},"connect_finished",{"micros":23979,"calls":[]},"build_ready",{"micros":13,"calls":[]},"clean_ready",{"micros":2,"calls":[]},"optimize_ready",{"micros":1,"calls":[]},"split_ready",{"micros":0,"calls":[]}]}]}] (Session ID: adb2e2338034eb1526697cf342dfad97). Resume URL specified as wss://gateway-us-east1-b.discord.gg
2026-08-27 20:36:19,811:INFO:nextcord.state: nextcord.ConnectionState: Registering command with signature ('openqueue', 1, None)
2026-08-27 20:36:20,202:INFO:nextcord.state: nextcord.ConnectionState: Registering command with signature ('passeval', 1, None)
2026-08-27 20:36:20,587:INFO:nextcord.state: nextcord.ConnectionState: Registering command with signature ('restrict', 1, None)
2026-08-27 20:36:21,042:INFO:nextcord.state: nextcord.ConnectionState: Registering command with signature ('next', 1, None)
2026-08-27 20:36:21,444:INFO:nextcord.state: nextcord.ConnectionState: Registering command with signature ('results', 1, None)
2026-08-27 20:36:21,821:INFO:nextcord.state: nextcord.ConnectionState: Registering command with signature ('info', 1, None)
2026-08-27 20:36:39,150:INFO:nextcord.state: nextcord.ConnectionState: Registering command with signature ('forceclosetest', 1, None)
2026-08-27 20:36:39,523:INFO:nextcord.state: nextcord.ConnectionState: Registering command with signature ('remove', 1, None)
2026-08-27 20:36:39,911:INFO:nextcord.state: nextcord.ConnectionState: Registering command with signature ('updatetier', 1, None)
2026-08-27 20:36:40,336:INFO:nextcord.state: nextcord.ConnectionState: Registering command with signature ('closequeue', 1, None)
2026-08-27 20:36:58,110:INFO:nextcord.state: nextcord.ConnectionState: Registering command with signature ('unrestrict', 1, None)
2026-08-27 20:36:58,484:INFO:nextcord.state: nextcord.ConnectionState: Registering command with signature ('closetest', 1, None)
2026-08-27 20:36:58,846:INFO:nextcord.state: nextcord.ConnectionState: Registering command with signature ('add', 1, None)
2026-08-27 20:36:59,219:INFO:nextcord.state: nextcord.ConnectionState: Registering command with signature ('updateusername', 1, None)
2026-08-27 20:36:59,607:INFO:nextcord.state: nextcord.ConnectionState: Registering command with signature ('waitlist', 1, None)
