2026-08-24 19:39:33,435:WARNING:nextcord.client: PyNaCl is not installed, voice will NOT be supported
2026-08-24 19:39:33,441:INFO:nextcord.client: logging in using static token
2026-08-24 19:39:33,464:INFO:nextcord.http: Allowed 1 rate limits to be garbage collected.
2026-08-24 19:39:34,649:INFO:nextcord.gateway: Shard ID None has sent the IDENTIFY payload.
2026-08-24 19:39:35,134:INFO:nextcord.gateway: Shard ID None has connected to Gateway: ["gateway-prd-arm-us-east1-c-nrx7",{"micros":167223,"calls":["id_created",{"micros":575,"calls":[]},"session_lookup_time",{"micros":331,"calls":[]},"session_lookup_finished",{"micros":18,"calls":[]},"sessions-prd-gcp-us-east1-c-91",{"micros":166010,"calls":["start_session",{"micros":160739,"calls":["cc-rpc-b89f84b69-86tkj",{"micros":58239,"calls":["get_user",{"micros":9307},"get_guilds",{"micros":2502},"send_scheduled_deletion_message",{"micros":13},"guild_join_requests",{"micros":844},"authorized_ip_coro",{"micros":27220},"pending_payments",{"micros":2452},"apex_experiments",{"micros":93746},"sessions_experiments",{"micros":5},"played_application_ids",{"micros":4},"linked_users",{"micros":4},"ad_personalization_toggles_disabled",{"micros":7},"regional_feature_config",{"micros":6}]}]},"starting_guild_connect",{"micros":32,"calls":[]},"lobbies_started",{"micros":1,"calls":[]},"presence_started",{"micros":437,"calls":[]},"guilds_started",{"micros":90,"calls":[]},"guilds_connect",{"micros":3,"calls":[]},"presence_connect",{"micros":4683,"calls":[]},"connect_finished",{"micros":4695,"calls":[]},"build_ready",{"micros":13,"calls":[]},"clean_ready",{"micros":2,"calls":[]},"optimize_ready",{"micros":1,"calls":[]},"split_ready",{"micros":0,"calls":[]}]}]}] (Session ID: 7a832ec1048975dd8f7730708cd29147). Resume URL specified as wss://gateway-us-east1-c.discord.gg
2026-08-24 19:39:35,559:INFO:nextcord.state: nextcord.ConnectionState: Registering command with signature ('openqueue', 1, None)
2026-08-24 19:39:35,944:INFO:nextcord.state: nextcord.ConnectionState: Registering command with signature ('passeval', 1, None)
2026-08-24 19:39:36,297:INFO:nextcord.state: nextcord.ConnectionState: Registering command with signature ('restrict', 1, None)
2026-08-24 19:39:36,658:INFO:nextcord.state: nextcord.ConnectionState: Registering command with signature ('next', 1, None)
2026-08-24 19:39:37,013:INFO:nextcord.state: nextcord.ConnectionState: Registering command with signature ('results', 1, None)
2026-08-24 19:39:40,110:INFO:nextcord.state: nextcord.ConnectionState: Registering command with signature ('closequeue', 1, None)
2026-08-24 19:39:41,307:ERROR:root: Failed bot startup sequence: 
Traceback (most recent call last):
  File "C:\Users\fire1\Downloads\onyx-tiers-region-kit-fixed\tier-test-bot-main\main.py", line 66, in on_ready
    await setupBot()
  File "C:\Users\fire1\Downloads\onyx-tiers-region-kit-fixed\tier-test-bot-main\main.py", line 56, in setupBot
    await channel.purge(limit=10, check=is_me)
          ^^^^^^^^^^^^^
AttributeError: 'NoneType' object has no attribute 'purge'
2026-08-24 19:39:41,316:INFO:nextcord.gateway: Websocket closed with 1000, cannot reconnect.
2026-08-24 19:39:41,738:INFO:nextcord.client: Cleaning up after 3 tasks.
2026-08-24 19:39:41,739:INFO:nextcord.client: All tasks finished cancelling.
2026-08-24 19:39:41,739:INFO:nextcord.client: Closing the event loop.
2026-08-24 19:39:41,816:ERROR:asyncio: Task exception was never retrieved
future: <Task finished name='nextcord: on_ready' coro=<Client._run_event() done, defined at C:\Users\fire1\AppData\Local\Programs\Python\Python313\Lib\site-packages\nextcord\client.py:519> exception=SystemExit('Failed startup sequence')>
Traceback (most recent call last):
  File "C:\Users\fire1\Downloads\onyx-tiers-region-kit-fixed\tier-test-bot-main\main.py", line 66, in on_ready
    await setupBot()
  File "C:\Users\fire1\Downloads\onyx-tiers-region-kit-fixed\tier-test-bot-main\main.py", line 56, in setupBot
    await channel.purge(limit=10, check=is_me)
          ^^^^^^^^^^^^^
AttributeError: 'NoneType' object has no attribute 'purge'

During handling of the above exception, another exception occurred:

Traceback (most recent call last):
  File "C:\Users\fire1\Downloads\onyx-tiers-region-kit-fixed\tier-test-bot-main\main.py", line 482, in <module>
    bot.run(os.getenv("TOKEN"))
  File "C:\Users\fire1\AppData\Local\Programs\Python\Python313\Lib\site-packages\nextcord\client.py", line 894, in run
  File "C:\Users\fire1\AppData\Local\Programs\Python\Python313\Lib\asyncio\base_events.py", line 713, in run_until_complete
  File "C:\Users\fire1\AppData\Local\Programs\Python\Python313\Lib\asyncio\base_events.py", line 684, in run_forever
  File "C:\Users\fire1\AppData\Local\Programs\Python\Python313\Lib\asyncio\base_events.py", line 2061, in _run_once
  File "C:\Users\fire1\AppData\Local\Programs\Python\Python313\Lib\asyncio\events.py", line 89, in _run
  File "C:\Users\fire1\AppData\Local\Programs\Python\Python313\Lib\site-packages\nextcord\client.py", line 527, in _run_event
  File "C:\Users\fire1\Downloads\onyx-tiers-region-kit-fixed\tier-test-bot-main\main.py", line 70, in on_ready
    sys.exit("Failed startup sequence")
SystemExit: Failed startup sequence
