2026-08-25 17:00:15,066:WARNING:nextcord.client: PyNaCl is not installed, voice will NOT be supported
2026-08-25 17:00:15,071:INFO:nextcord.client: logging in using static token
2026-08-25 17:00:15,087:INFO:nextcord.http: Allowed 1 rate limits to be garbage collected.
2026-08-25 17:00:20,313:INFO:nextcord.gateway: Shard ID None has sent the IDENTIFY payload.
2026-08-25 17:00:21,808:INFO:nextcord.gateway: Shard ID None has connected to Gateway: ["gateway-prd-arm-us-east1-c-pjlg",{"micros":131215,"calls":["id_created",{"micros":749,"calls":[]},"session_lookup_time",{"micros":315,"calls":[]},"session_lookup_finished",{"micros":17,"calls":[]},"sessions-prd-gcp-us-east1-c-65",{"micros":129347,"calls":["start_session",{"micros":127430,"calls":["prd-rpc-78bb7fbc98-2lmr7",{"micros":31490,"calls":["get_user",{"micros":7791},"get_guilds",{"micros":2874},"send_scheduled_deletion_message",{"micros":13},"guild_join_requests",{"micros":1559},"authorized_ip_coro",{"micros":8},"pending_payments",{"micros":1424},"apex_experiments",{"micros":85581},"sessions_experiments",{"micros":7},"played_application_ids",{"micros":3},"linked_users",{"micros":2},"ad_personalization_toggles_disabled",{"micros":3},"regional_feature_config",{"micros":3}]}]},"starting_guild_connect",{"micros":31,"calls":[]},"lobbies_started",{"micros":1,"calls":[]},"presence_started",{"micros":505,"calls":[]},"guilds_started",{"micros":68,"calls":[]},"guilds_connect",{"micros":2,"calls":[]},"presence_connect",{"micros":1271,"calls":[]},"connect_finished",{"micros":1292,"calls":[]},"build_ready",{"micros":16,"calls":[]},"clean_ready",{"micros":2,"calls":[]},"optimize_ready",{"micros":1,"calls":[]},"split_ready",{"micros":0,"calls":[]}]}]}] (Session ID: 1d0777e635896751872fe8d4652c9641). Resume URL specified as wss://gateway-us-east1-c.discord.gg
2026-08-25 17:00:22,350:INFO:nextcord.state: nextcord.ConnectionState: Registering command with signature ('openqueue', 1, None)
2026-08-25 17:00:22,803:INFO:nextcord.state: nextcord.ConnectionState: Registering command with signature ('passeval', 1, None)
2026-08-25 17:00:23,317:INFO:nextcord.state: nextcord.ConnectionState: Registering command with signature ('restrict', 1, None)
2026-08-25 17:00:24,077:INFO:nextcord.state: nextcord.ConnectionState: Registering command with signature ('next', 1, None)
2026-08-25 17:00:24,510:INFO:nextcord.state: nextcord.ConnectionState: Registering command with signature ('results', 1, None)
2026-08-25 17:00:24,960:INFO:nextcord.state: nextcord.ConnectionState: Registering command with signature ('info', 1, None)
2026-08-25 17:00:43,214:INFO:nextcord.state: nextcord.ConnectionState: Registering command with signature ('forceclosetest', 1, None)
2026-08-25 17:00:43,638:INFO:nextcord.state: nextcord.ConnectionState: Registering command with signature ('remove', 1, None)
2026-08-25 17:00:44,083:INFO:nextcord.state: nextcord.ConnectionState: Registering command with signature ('updatetier', 1, None)
2026-08-25 17:00:44,562:INFO:nextcord.state: nextcord.ConnectionState: Registering command with signature ('closequeue', 1, None)
2026-08-25 17:00:44,980:INFO:nextcord.state: nextcord.ConnectionState: Registering command with signature ('unrestrict', 1, None)
2026-08-25 17:01:03,932:INFO:nextcord.state: nextcord.ConnectionState: Registering command with signature ('closetest', 1, None)
2026-08-25 17:01:04,415:INFO:nextcord.state: nextcord.ConnectionState: Registering command with signature ('add', 1, None)
2026-08-25 17:01:05,164:INFO:nextcord.state: nextcord.ConnectionState: Registering command with signature ('updateusername', 1, None)
2026-08-25 17:01:42,060:WARNING:nextcord.http: Path ('GET', '1541753184039739402:None:/channels/{channel_id}/messages/{message_id}', 'Bot MTU0MDMw[redacted]') resulted in error 404, check your path?
2026-08-25 17:01:42,061:WARNING:root: Queue message for kit sword was deleted. Creating a replacement.
2026-08-25 17:04:07,227:INFO:nextcord.gateway: Websocket closed with 1006, attempting a reconnect.
2026-08-25 17:04:07,227:INFO:nextcord.client: Got a request to RESUME the websocket.
2026-08-25 17:04:07,234:ERROR:nextcord.client: Attempting a reconnect in 0.08s
Traceback (most recent call last):
  File "C:\Users\fire1\AppData\Local\Programs\Python\Python313\Lib\site-packages\aiohttp\connector.py", line 1351, in _create_direct_connection
    hosts = await self._resolve_host(host, port, traces=traces)
            ^^^^^^^^^^^^^^^^^^^^^^^^^^^^^^^^^^^^^^^^^^^^^^^^^^^
  File "C:\Users\fire1\AppData\Local\Programs\Python\Python313\Lib\site-packages\aiohttp\connector.py", line 995, in _resolve_host
    return await asyncio.shield(resolved_host_task)
           ^^^^^^^^^^^^^^^^^^^^^^^^^^^^^^^^^^^^^^^^
  File "C:\Users\fire1\AppData\Local\Programs\Python\Python313\Lib\site-packages\aiohttp\connector.py", line 1026, in _resolve_host_with_throttle
    addrs = await self._resolver.resolve(host, port, family=self._family)
            ^^^^^^^^^^^^^^^^^^^^^^^^^^^^^^^^^^^^^^^^^^^^^^^^^^^^^^^^^^^^^
  File "C:\Users\fire1\AppData\Local\Programs\Python\Python313\Lib\site-packages\aiohttp\resolver.py", line 39, in resolve
    infos = await self._loop.getaddrinfo(
            ^^^^^^^^^^^^^^^^^^^^^^^^^^^^^
    ...<5 lines>...
    )
    ^
  File "C:\Users\fire1\AppData\Local\Programs\Python\Python313\Lib\asyncio\base_events.py", line 940, in getaddrinfo
    return await self.run_in_executor(
           ^^^^^^^^^^^^^^^^^^^^^^^^^^^
        None, getaddr_func, host, port, family, type, proto, flags)
        ^^^^^^^^^^^^^^^^^^^^^^^^^^^^^^^^^^^^^^^^^^^^^^^^^^^^^^^^^^^
  File "C:\Users\fire1\AppData\Local\Programs\Python\Python313\Lib\concurrent\futures\thread.py", line 59, in run
    result = self.fn(*self.args, **self.kwargs)
  File "C:\Users\fire1\AppData\Local\Programs\Python\Python313\Lib\socket.py", line 983, in getaddrinfo
    for res in _socket.getaddrinfo(host, port, family, type, proto, flags):
               ~~~~~~~~~~~~~~~~~~~^^^^^^^^^^^^^^^^^^^^^^^^^^^^^^^^^^^^^^^^
socket.gaierror: [Errno 11004] getaddrinfo failed

The above exception was the direct cause of the following exception:

Traceback (most recent call last):
  File "C:\Users\fire1\AppData\Local\Programs\Python\Python313\Lib\site-packages\nextcord\client.py", line 730, in connect
    self.ws = await asyncio.wait_for(coro, timeout=60.0)
              ^^^^^^^^^^^^^^^^^^^^^^^^^^^^^^^^^^^^^^^^^^
  File "C:\Users\fire1\AppData\Local\Programs\Python\Python313\Lib\asyncio\tasks.py", line 507, in wait_for
    return await fut
           ^^^^^^^^^
  File "C:\Users\fire1\AppData\Local\Programs\Python\Python313\Lib\site-packages\nextcord\gateway.py", line 340, in from_client
    socket = await client.http.ws_connect(gateway)
             ^^^^^^^^^^^^^^^^^^^^^^^^^^^^^^^^^^^^^
  File "C:\Users\fire1\AppData\Local\Programs\Python\Python313\Lib\site-packages\nextcord\http.py", line 666, in ws_connect
    return await self.__session.ws_connect(url, **kwargs)
           ^^^^^^^^^^^^^^^^^^^^^^^^^^^^^^^^^^^^^^^^^^^^^^
  File "C:\Users\fire1\AppData\Local\Programs\Python\Python313\Lib\site-packages\aiohttp\client.py", line 1004, in _ws_connect
    resp = await self.request(
           ^^^^^^^^^^^^^^^^^^^
    ...<11 lines>...
    )
    ^
  File "C:\Users\fire1\AppData\Local\Programs\Python\Python313\Lib\site-packages\aiohttp\client.py", line 703, in _request
    conn = await self._connector.connect(
           ^^^^^^^^^^^^^^^^^^^^^^^^^^^^^^
        req, traces=traces, timeout=real_timeout
        ^^^^^^^^^^^^^^^^^^^^^^^^^^^^^^^^^^^^^^^^
    )
    ^
  File "C:\Users\fire1\AppData\Local\Programs\Python\Python313\Lib\site-packages\aiohttp\connector.py", line 548, in connect
    proto = await self._create_connection(req, traces, timeout)
            ^^^^^^^^^^^^^^^^^^^^^^^^^^^^^^^^^^^^^^^^^^^^^^^^^^^
  File "C:\Users\fire1\AppData\Local\Programs\Python\Python313\Lib\site-packages\aiohttp\connector.py", line 1056, in _create_connection
    _, proto = await self._create_direct_connection(req, traces, timeout)
               ^^^^^^^^^^^^^^^^^^^^^^^^^^^^^^^^^^^^^^^^^^^^^^^^^^^^^^^^^^
  File "C:\Users\fire1\AppData\Local\Programs\Python\Python313\Lib\site-packages\aiohttp\connector.py", line 1357, in _create_direct_connection
    raise ClientConnectorDNSError(req.connection_key, exc) from exc
aiohttp.client_exceptions.ClientConnectorDNSError: Cannot connect to host gateway-us-east1-c.discord.gg:443 ssl:default [getaddrinfo failed]
2026-08-25 17:04:11,503:INFO:nextcord.gateway: Shard ID None has sent the RESUME payload.
2026-08-25 17:04:11,829:INFO:nextcord.gateway: Shard ID None has successfully RESUMED session 1d0777e635896751872fe8d4652c9641 under trace ["gateway-prd-arm-us-east1-c-44d3",{"micros":15878,"calls":["id_created",{"micros":0,"calls":[]},"session_lookup_time",{"micros":13008,"calls":[]},"session_lookup_finished",{"micros":10,"calls":[]},"sessions-prd-gcp-us-east1-c-65",{"micros":46}]}].
2026-08-25 17:05:15,103:INFO:nextcord.http: Allowed 1 rate limits to be garbage collected.
