2026-08-24 19:28:00,713:WARNING:nextcord.client: PyNaCl is not installed, voice will NOT be supported
2026-08-24 19:28:00,715:INFO:nextcord.client: logging in using static token
2026-08-24 19:28:00,731:INFO:nextcord.http: Allowed 1 rate limits to be garbage collected.
2026-08-24 19:28:01,745:INFO:nextcord.gateway: Shard ID None has sent the IDENTIFY payload.
2026-08-24 19:28:02,355:INFO:nextcord.gateway: Shard ID None has connected to Gateway: ["gateway-prd-arm-us-east1-c-784c",{"micros":302053,"calls":["id_created",{"micros":571,"calls":[]},"session_lookup_time",{"micros":323,"calls":[]},"session_lookup_finished",{"micros":11,"calls":[]},"sessions-prd-gcp-us-east1-c-32",{"micros":300726,"calls":["start_session",{"micros":290928,"calls":["prd-rpc-56cdd54d49-2gkbd",{"micros":40707,"calls":["get_user",{"micros":11434},"get_guilds",{"micros":8781},"send_scheduled_deletion_message",{"micros":15},"guild_join_requests",{"micros":5},"authorized_ip_coro",{"micros":10},"pending_payments",{"micros":1199},"apex_experiments",{"micros":222604},"sessions_experiments",{"micros":6},"played_application_ids",{"micros":3},"linked_users",{"micros":3},"ad_personalization_toggles_disabled",{"micros":3},"regional_feature_config",{"micros":6}]}]},"starting_guild_connect",{"micros":27,"calls":[]},"lobbies_started",{"micros":0,"calls":[]},"presence_started",{"micros":2301,"calls":[]},"guilds_started",{"micros":73,"calls":[]},"guilds_connect",{"micros":2,"calls":[]},"presence_connect",{"micros":7367,"calls":[]},"connect_finished",{"micros":7380,"calls":[]},"build_ready",{"micros":14,"calls":[]},"clean_ready",{"micros":2,"calls":[]},"optimize_ready",{"micros":0,"calls":[]},"split_ready",{"micros":1,"calls":[]}]}]}] (Session ID: 537b5a075316fe47d4e8a576410fed8b). Resume URL specified as wss://gateway-us-east1-c.discord.gg
2026-08-24 19:28:03,232:INFO:nextcord.state: nextcord.ConnectionState: Registering command with signature ('openqueue', 1, None)
2026-08-24 19:28:04,587:INFO:nextcord.state: nextcord.ConnectionState: Registering command with signature ('passeval', 1, None)
2026-08-24 19:28:05,096:INFO:nextcord.state: nextcord.ConnectionState: Registering command with signature ('restrict', 1, None)
2026-08-24 19:28:05,543:ERROR:root: Failed bot startup sequence: 
Traceback (most recent call last):
  File "C:\Users\fire1\Downloads\onyx-tiers-region-kit-fixed\tier-test-bot-main\main.py", line 66, in on_ready
    await setupBot()
  File "C:\Users\fire1\Downloads\onyx-tiers-region-kit-fixed\tier-test-bot-main\main.py", line 56, in setupBot
    await channel.purge(limit=10, check=is_me)
          ^^^^^^^^^^^^^
AttributeError: 'NoneType' object has no attribute 'purge'
2026-08-24 19:28:05,550:INFO:nextcord.gateway: Websocket closed with 1000, cannot reconnect.
2026-08-24 19:28:05,617:INFO:nextcord.state: nextcord.ConnectionState: Registering command with signature ('next', 1, None)
2026-08-24 19:28:05,971:INFO:nextcord.client: Cleaning up after 4 tasks.
2026-08-24 19:28:05,971:INFO:nextcord.client: All tasks finished cancelling.
2026-08-24 19:28:05,972:INFO:nextcord.client: Closing the event loop.
2026-08-24 19:28:06,020:ERROR:asyncio: Task exception was never retrieved
future: <Task finished name='nextcord: on_ready' coro=<Client._run_event() done, defined at C:\Users\fire1\AppData\Local\Programs\Python\Python313\Lib\site-packages\nextcord\client.py:519> exception=SystemExit('Failed startup sequence')>
Traceback (most recent call last):
  File "C:\Users\fire1\Downloads\onyx-tiers-region-kit-fixed\tier-test-bot-main\main.py", line 66, in on_ready
    await setupBot()
  File "C:\Users\fire1\Downloads\onyx-tiers-region-kit-fixed\tier-test-bot-main\main.py", line 56, in setupBot
    await channel.purge(limit=10, check=is_me)
          ^^^^^^^^^^^^^
AttributeError: 'NoneType' object has no attribute 'purge'

During handling of the above exception, another exception occurred:

Traceback (most recent call last):
  File "C:\Users\fire1\Downloads\onyx-tiers-region-kit-fixed\tier-test-bot-main\main.py", line 482, in <module>
    bot.run(os.getenv("TOKEN"))
  File "C:\Users\fire1\AppData\Local\Programs\Python\Python313\Lib\site-packages\nextcord\client.py", line 894, in run
  File "C:\Users\fire1\AppData\Local\Programs\Python\Python313\Lib\asyncio\base_events.py", line 713, in run_until_complete
  File "C:\Users\fire1\AppData\Local\Programs\Python\Python313\Lib\asyncio\base_events.py", line 684, in run_forever
  File "C:\Users\fire1\AppData\Local\Programs\Python\Python313\Lib\asyncio\base_events.py", line 2061, in _run_once
  File "C:\Users\fire1\AppData\Local\Programs\Python\Python313\Lib\asyncio\events.py", line 89, in _run
  File "C:\Users\fire1\AppData\Local\Programs\Python\Python313\Lib\site-packages\nextcord\client.py", line 527, in _run_event
  File "C:\Users\fire1\Downloads\onyx-tiers-region-kit-fixed\tier-test-bot-main\main.py", line 70, in on_ready
    sys.exit("Failed startup sequence")
SystemExit: Failed startup sequence
