2026-08-24 19:45:42,152:WARNING:nextcord.client: PyNaCl is not installed, voice will NOT be supported
2026-08-24 19:45:42,164:INFO:nextcord.client: logging in using static token
2026-08-24 19:45:42,199:INFO:nextcord.http: Allowed 1 rate limits to be garbage collected.
2026-08-24 19:45:44,329:INFO:nextcord.gateway: Shard ID None has sent the IDENTIFY payload.
2026-08-24 19:45:44,864:INFO:nextcord.gateway: Shard ID None has connected to Gateway: ["gateway-prd-arm-us-east1-b-cd74",{"micros":218144,"calls":["id_created",{"micros":568,"calls":[]},"session_lookup_time",{"micros":283,"calls":[]},"session_lookup_finished",{"micros":12,"calls":[]},"sessions-prd-gcp-us-east1-b-91",{"micros":216775,"calls":["start_session",{"micros":201987,"calls":["prd-rpc-56cdd54d49-tgrkr",{"micros":57019,"calls":["get_user",{"micros":11017},"get_guilds",{"micros":5178},"send_scheduled_deletion_message",{"micros":18},"guild_join_requests",{"micros":5089},"authorized_ip_coro",{"micros":19},"pending_payments",{"micros":1741},"apex_experiments",{"micros":80838},"sessions_experiments",{"micros":5},"played_application_ids",{"micros":3},"linked_users",{"micros":2},"ad_personalization_toggles_disabled",{"micros":2},"regional_feature_config",{"micros":3}]}]},"starting_guild_connect",{"micros":34,"calls":[]},"lobbies_started",{"micros":2,"calls":[]},"presence_started",{"micros":331,"calls":[]},"guilds_started",{"micros":91,"calls":[]},"guilds_connect",{"micros":3,"calls":[]},"presence_connect",{"micros":14305,"calls":[]},"connect_finished",{"micros":14316,"calls":[]},"build_ready",{"micros":11,"calls":[]},"clean_ready",{"micros":3,"calls":[]},"optimize_ready",{"micros":0,"calls":[]},"split_ready",{"micros":0,"calls":[]}]}]}] (Session ID: e249f4f7c8a8499ca865f012ac88d396). Resume URL specified as wss://gateway-us-east1-b.discord.gg
2026-08-24 19:45:47,011:INFO:nextcord.state: nextcord.ConnectionState: Registering command with signature ('openqueue', 1, None)
2026-08-24 19:45:47,406:INFO:nextcord.state: nextcord.ConnectionState: Registering command with signature ('passeval', 1, None)
2026-08-24 19:45:47,918:INFO:nextcord.state: nextcord.ConnectionState: Registering command with signature ('restrict', 1, None)
2026-08-24 19:45:48,189:ERROR:root: Failed bot startup sequence: 
Traceback (most recent call last):
  File "C:\Users\fire1\Downloads\onyx-tiers-region-kit-fixed\tier-test-bot-main\main.py", line 81, in on_ready
    await setupBot()
  File "C:\Users\fire1\Downloads\onyx-tiers-region-kit-fixed\tier-test-bot-main\main.py", line 67, in setupBot
    raise RuntimeError(
    ...<2 lines>...
    )
RuntimeError: Configured queue channel 0 for region EU was not found. Replace the placeholder queue_channel in config/config.yml with a valid text-channel ID.
2026-08-24 19:45:48,202:INFO:nextcord.gateway: Websocket closed with 1000, cannot reconnect.
2026-08-24 19:45:48,638:INFO:nextcord.client: Cleaning up after 3 tasks.
2026-08-24 19:45:48,639:INFO:nextcord.client: All tasks finished cancelling.
2026-08-24 19:45:48,639:INFO:nextcord.client: Closing the event loop.
2026-08-24 19:45:48,756:ERROR:asyncio: Task exception was never retrieved
future: <Task finished name='nextcord: on_ready' coro=<Client._run_event() done, defined at C:\Users\fire1\AppData\Local\Programs\Python\Python313\Lib\site-packages\nextcord\client.py:519> exception=SystemExit('Failed startup sequence')>
Traceback (most recent call last):
  File "C:\Users\fire1\Downloads\onyx-tiers-region-kit-fixed\tier-test-bot-main\main.py", line 81, in on_ready
    await setupBot()
  File "C:\Users\fire1\Downloads\onyx-tiers-region-kit-fixed\tier-test-bot-main\main.py", line 67, in setupBot
    raise RuntimeError(
    ...<2 lines>...
    )
RuntimeError: Configured queue channel 0 for region EU was not found. Replace the placeholder queue_channel in config/config.yml with a valid text-channel ID.

During handling of the above exception, another exception occurred:

Traceback (most recent call last):
  File "C:\Users\fire1\Downloads\onyx-tiers-region-kit-fixed\tier-test-bot-main\main.py", line 497, in <module>
    bot.run(os.getenv("TOKEN"))
  File "C:\Users\fire1\AppData\Local\Programs\Python\Python313\Lib\site-packages\nextcord\client.py", line 894, in run
  File "C:\Users\fire1\AppData\Local\Programs\Python\Python313\Lib\asyncio\base_events.py", line 713, in run_until_complete
  File "C:\Users\fire1\AppData\Local\Programs\Python\Python313\Lib\asyncio\base_events.py", line 684, in run_forever
  File "C:\Users\fire1\AppData\Local\Programs\Python\Python313\Lib\asyncio\base_events.py", line 2061, in _run_once
  File "C:\Users\fire1\AppData\Local\Programs\Python\Python313\Lib\asyncio\events.py", line 89, in _run
  File "C:\Users\fire1\AppData\Local\Programs\Python\Python313\Lib\site-packages\nextcord\client.py", line 527, in _run_event
  File "C:\Users\fire1\Downloads\onyx-tiers-region-kit-fixed\tier-test-bot-main\main.py", line 85, in on_ready
    sys.exit("Failed startup sequence")
SystemExit: Failed startup sequence
